// Jest Snapshot v1, https://goo.gl/fbAQLP

exports[`<Items /> renders 1`] = `
<div
  class="items"
>
  <h4>
    Question List
  </h4>
  <ul>
    <li>
      <a
        href="/UserInfo/1"
      >
        What is your name?
      </a>
      <div>
        My name is Abbas
      </div>
    </li>
  </ul>
</div>
`;
